// Jest Snapshot v1, https://goo.gl/fbAQLP

exports[`HomePage renders correctly 1`] = `
<div>
  <h2>
    Logged In
  </h2>
  <button>
    Logout
  </button>
</div>
`;
